// Jest Snapshot v1, https://goo.gl/fbAQLP

exports[`SnapshotTest withloadingIndicator 1`] = `<withLoadingIndicatior />`;
