// Jest Snapshot v1, https://goo.gl/fbAQLP

exports[`SnapshotTest MovieInfoContent 1`] = `
Array [
  <div
    className="movie-rating"
  >
    <div
      className="movie-rating__score"
    >
      9.3
    </div>
    <p
      className="movie-rating__meta"
    >
      <span
        className="movie-rating__level"
      >
        Very good
      </span>
      <span
        className="movie-rating__count"
      >
        386834
         ratings
      </span>
    </p>
  </div>,
  <div
    className="movie-card__text"
  >
    <p>
      As Earth is invaded by alien tripod fighting machines, one family fights for survival.
    </p>
    <p
      className="movie-card__director"
    >
      <strong>
        Director: 
        Steven Spielberg
      </strong>
    </p>
    <p
      className="movie-card__starring"
    >
      <strong>
        Starring: 
        Tom Cruise, Dakota Fanning, Tim Robbins
      </strong>
    </p>
  </div>,
]
`;
