// Jest Snapshot v1, https://goo.gl/fbAQLP

exports[`SnapshotTest Player 1`] = `
<div>
  Loading...
</div>
`;
