// Jest Snapshot v1, https://goo.gl/fbAQLP

exports[`SnapshotTest MyList 1`] = `null`;
