// Jest Snapshot v1, https://goo.gl/fbAQLP

exports[`SnapshotTest withMovieInfo 1`] = `
<withMovieInfo
  activePage="overview"
  onTabClick={[Function]}
/>
`;
