// Jest Snapshot v1, https://goo.gl/fbAQLP

exports[`SnapshotTest VideoPlayer 1`] = `
<video
  autoPlay="autoPlay"
  className="small-movie-card__image"
  muted="muted"
  poster="img/shutter-island.jpg"
/>
`;
