// Jest Snapshot v1, https://goo.gl/fbAQLP

exports[`SnapshotTest Movie-info 1`] = `
<div>
  Loading...
</div>
`;
