// Jest Snapshot v1, https://goo.gl/fbAQLP

exports[`SnapshotTest MovieCard 1`] = `
<article
  className="small-movie-card catalog__movies-card"
  onClick={[Function]}
  onMouseEnter={[Function]}
  onMouseLeave={[Function]}
>
  <div
    className="small-movie-card__image"
  >
    <img
      alt="Fantastic Beasts: The Crimes of Grindelwald"
      height="175"
      src="img/bohemian-rhapsody.jpg"
      width="280"
    />
  </div>
  <h3
    className="small-movie-card__title"
    onClick={[Function]}
  >
    <a
      className="small-movie-card__link"
      href="movie-page.html"
    >
      Bohemian rhapsody
    </a>
  </h3>
</article>
`;
