// Jest Snapshot v1, https://goo.gl/fbAQLP

exports[`SnapshotTest withMovieCard 1`] = `
<withMovieCard
  isPlay={false}
  onCardMouseHove={[Function]}
  onCardMouseLeave={[Function]}
/>
`;
