// Jest Snapshot v1, https://goo.gl/fbAQLP

exports[`SnapshotTest SignIn 1`] = `null`;
