// Jest Snapshot v1, https://goo.gl/fbAQLP

exports[`SnapshotTest AddReviewPage 1`] = `
<div>
  Loading...
</div>
`;
